------------------------------------------------------------------------------------------------------------------------------------------------------------------------------------------------------------------------------------------------------------
      name:  ci_demo
       log:  C:\Users\michael.baker\Documents\ss368\ss368-fall2026\classroom-materials/output/logs/ci_demo.log
  log type:  text
 opened on:  19 Aug 2026, 14:22:15

. 
. *---------------------------------------------------
. * CONFIDENCE INTERVALS AND DISTRIBUTIONS
. *---------------------------------------------------
. 
. * GENERATE DATA 
. clear all 

. 
. * number of samples 
. local num_samples = 100      

. 
. set obs `num_samples'
Number of observations (_N) was 0, now 100.

. 
. * generate sample identifier
. gen sample_id = _n

. 
. set seed 6725

. 
. * generate the die roll outcomes for each observation
. local sample_size = 20 

. 
. forvalues i = 1/`sample_size' {
  2.     gen obs`i' = ceil(runiform() * 20)
  3. }

. 
. * pop mean for a uniform(1,20) rv is 10.5 
. local mu = 10.5 

. 
. * for each sample size, produce a set of confidence intervals and a histogram of the sample means
. foreach sample_size in 6 20 {
  2.         
.         preserve 
  3.                 
.                 if `sample_size' == 6 {
  4.                         drop obs7-obs20 
  5.                 }
  6.                 
.                 egen sample_sd = rowsd(ob*)
  7. 
.                 egen sample_mean = rowmean(ob*)
  8. 
.                 gen se_hat = sample_sd/sqrt(`sample_size')
  9. 
.                 gen lower_ci = sample_mean - se_hat
 10.                 gen upper_ci = sample_mean + se_hat
 11.                 
.                 * how often does the CI include the true value? 
.                 qui count if upper_ci >= `mu' &  lower_ci <= `mu'
 12.                 local share_in_ci = (`r(N)'/`num_samples')*100
 13.                 
.                 di "Share of CIs that contain true value (68% CI): `share_in_ci'"
 14.                 
.                 *** formatting labels: horizontal axis
.                 qui mylabels 0(2)20, myscale(@) local(xlabels)
 15.                 qui mylabels 0(1)20, myscale(@) local(xmlabels)
 16.                 
.                 * rcap plots the confidence intervals, scatter plots the estimates - limiting to only the first thirty samples for the figure 
.                 * i recommend exporting graphs as .svg's - most compatible/fastest way to retain high-quality graphics 
.                 twoway rcap lower_ci upper_ci sample_id if inrange(sample_id,1,30), horizontal || scatter sample_id sample_mean if inrange(sample_id,1,30) ||, xline(`mu') xlab(0(5)20) title("68% Confidence Intervals: Sample Sizes of `sample_size'") x
> title("Sample") xlabels(`xlabels') xmtick(`xmlabels') legend(off) graphregion(color(white)) note("Share of CIs that contain true value (68% CI): `share_in_ci'")
 17.                 graph export "${output}/figures/ci68_sampsize`sample_size'.svg", width(1600) fontface("Times New Roman") replace
 18.                 
.                 replace lower_ci = sample_mean - 1.96*se_hat
 19.                 replace upper_ci = sample_mean + 1.96*se_hat
 20.                 
.                 * how often does the CI include the true value? 
.                 qui count if upper_ci >= `mu' &  lower_ci <= `mu'
 21.                 local share_in_ci = (`r(N)'/`num_samples')*100
 22.                 
.                 di "Share of CIs that contain true value (95% CI): `share_in_ci'"
 23.                 
.                 * rcap plots the confidence intervals, scatter plots the estimates - limiting to only the first thirty samples for the figure 
.                 * i recommend exporting graphs as .svg's - most compatible/fastest way to retain high-quality graphics 
.                 twoway rcap lower_ci upper_ci sample_id if inrange(sample_id,1,30), horizontal || scatter sample_id sample_mean if inrange(sample_id,1,30) ||, xline(`mu') xlab(0(5)20) title("95% Confidence Intervals: Sample Sizes of `sample_size'") x
> title("Sample") xlabels(`xlabels') xmtick(`xmlabels') legend(off) graphregion(color(white)) note("Share of CIs that contain true value (95% CI): `share_in_ci'")
 24.                 graph export "${output}/figures/ci95_sampsize`sample_size'.svg", width(1600) fontface("Times New Roman") replace
 25.                 
.                 * histogram plots the sampling distribution (i.e., the distribution of estimates/sample means)
.                 * i recommend exporting graphs as .svg's - most compatible/fastest way to retain high-quality graphics 
.                 histogram sample_mean, width(0.5) frequency title("Distribution of Sample Means (100 Samples of `sample_size' Rolls)") xtitle("Sample Average") ylab(0(5)20) xlab(2(2)18) xline(`mu') graphregion(color(white)) xlabels(`xlabels') xmtick(
> `xmlabels')
 26.                 graph export "${output}/figures/sampling_distribution_sampsize`sample_size'.svg", width(1600) fontface("Times New Roman") replace
 27.                 
.         restore 
 28. }
Share of CIs that contain true value (68% CI): 63
(file C:\Users\michael.baker\Documents\ss368\ss368-fall2026\classroom-materials/output/figures/ci68_sampsize6.svg not found)
file C:\Users\michael.baker\Documents\ss368\ss368-fall2026\classroom-materials/output/figures/ci68_sampsize6.svg saved as SVG format
(100 real changes made)
(100 real changes made)
Share of CIs that contain true value (95% CI): 89
(file C:\Users\michael.baker\Documents\ss368\ss368-fall2026\classroom-materials/output/figures/ci95_sampsize6.svg not found)
file C:\Users\michael.baker\Documents\ss368\ss368-fall2026\classroom-materials/output/figures/ci95_sampsize6.svg saved as SVG format
(bin=24, start=5.8333335, width=.5)
(file C:\Users\michael.baker\Documents\ss368\ss368-fall2026\classroom-materials/output/figures/sampling_distribution_sampsize6.svg not found)
file C:\Users\michael.baker\Documents\ss368\ss368-fall2026\classroom-materials/output/figures/sampling_distribution_sampsize6.svg saved as SVG format
Share of CIs that contain true value (68% CI): 62
(file C:\Users\michael.baker\Documents\ss368\ss368-fall2026\classroom-materials/output/figures/ci68_sampsize20.svg not found)
file C:\Users\michael.baker\Documents\ss368\ss368-fall2026\classroom-materials/output/figures/ci68_sampsize20.svg saved as SVG format
(100 real changes made)
(100 real changes made)
Share of CIs that contain true value (95% CI): 94
(file C:\Users\michael.baker\Documents\ss368\ss368-fall2026\classroom-materials/output/figures/ci95_sampsize20.svg not found)
file C:\Users\michael.baker\Documents\ss368\ss368-fall2026\classroom-materials/output/figures/ci95_sampsize20.svg saved as SVG format
(bin=13, start=7.4499998, width=.5)
(file C:\Users\michael.baker\Documents\ss368\ss368-fall2026\classroom-materials/output/figures/sampling_distribution_sampsize20.svg not found)
file C:\Users\michael.baker\Documents\ss368\ss368-fall2026\classroom-materials/output/figures/sampling_distribution_sampsize20.svg saved as SVG format

. 
. log close ci_demo
      name:  ci_demo
       log:  C:\Users\michael.baker\Documents\ss368\ss368-fall2026\classroom-materials/output/logs/ci_demo.log
  log type:  text
 closed on:  19 Aug 2026, 14:22:21
------------------------------------------------------------------------------------------------------------------------------------------------------------------------------------------------------------------------------------------------------------
