------------------------------------------------------------------------------------------------------------------------------------------------------------------------------------------------------------------------------------------------------------
      name:  lln_clt_demo
       log:  C:\Users\michael.baker\Documents\ss368\ss368-fall2026\classroom-materials/output/logs/lln_clt_demo.log
  log type:  text
 opened on:  19 Aug 2026, 14:12:34

. 
. *----------------------------------------------------------------
. * LAW OF LARGE NUMBERS
. *----------------------------------------------------------------
. /* simulation: 
> - draw 100 samples of different sample sizes
> - for each sample, calculate the sample mean
> - plot the distribution of sample means (the sampling distribution)
> */
. 
. * setting the seed ensures the results are repoducible, otherwise the random number generation will produce slightly different results each time 
. set seed 7645

. 
. * setting the number of samples to 100 
. local num_samples = 100

. 
. * looping through different sample sizes 
. foreach sample_size in 100 1000 10000 100000 {
  2.         
.         * results are saved in a matrix and then converted to a dta 
.         matrix sample_means_size_`sample_size' = J(`num_samples', 1, .)
  3. 
.         forvalues i = 1/`num_samples' {
  4.                 
.                 clear
  5.                 qui set obs `sample_size'
  6.                 
.                 gen rand = runiform(0,1)
  7.                 
.                 qui sum rand 
  8.                 
.                 matrix sample_means_size_`sample_size'[`i', 1] = `r(mean)'
  9.                 
.                 drop rand 
 10.                 
.         }
 11. 
.         * convert matrix to dta 
.         clear 
 12.         qui svmat sample_means_size_`sample_size', names(sample_mean)
 13.         
.         * plot histogram
.         
.         *** create labels for the horizontal axis
.         qui mylabels 0.4(0.05)0.6, myscale(@) local(xlabels)
 14.         qui mylabels 0.4(0.025)0.6, myscale(@) local(xmlabels)
 15.         
.         *** format presentation of sample size and number of samples 
.         local f_sample_size = string(`sample_size', "%9.0fc")
 16.         local f_num_samples = string(`num_samples', "%9.0fc")
 17.         
.         local ymax = 25
 18.         
.         * #delimit - changing the delimiter makes it easier to read the graph command 
.         * histogram plots the sampling distribution, pci adds a line at the pop. mean, scatteri adds the label population mean 
.         * i recommend exporting graphs as .svg's - most compatible/fastest way to retain high-quality graphics 
.         #delimit ; 
delimiter now ;
.         twoway histogram sample_mean1, frequency color(orange) gap(10) ||
>         pci 0 0.5 `ymax' 0.5, lcolor(black) lpattern(dash) ||
>         scatteri `ymax' 0.5 "Population Mean", msymbol(i) mlabcolor(black) mlabposition(3) ||,
>         title("Distribution of Sample Means")
>         subtitle("N = `f_sample_size', No. of Samples = `f_num_samples'")
>         ylabel(, angle(0)) xtitle("Sample Means")
>         xlabel(`xlabels') xmtick(`xmlabels') 
>         ytitle("Frequency")
>         legend(off);
 19.         graph export "${output}/figures/lln_sample_means_`num_samples'_samples_size_`sample_size'.svg", width(1600) fontface("Times New Roman") replace;
 20.         #delimit cr 
delimiter now cr
. }
file C:\Users\michael.baker\Documents\ss368\ss368-fall2026\classroom-materials/output/figures/lln_sample_means_100_samples_size_100.svg saved as SVG format
file C:\Users\michael.baker\Documents\ss368\ss368-fall2026\classroom-materials/output/figures/lln_sample_means_100_samples_size_1000.svg saved as SVG format
file C:\Users\michael.baker\Documents\ss368\ss368-fall2026\classroom-materials/output/figures/lln_sample_means_100_samples_size_10000.svg saved as SVG format
file C:\Users\michael.baker\Documents\ss368\ss368-fall2026\classroom-materials/output/figures/lln_sample_means_100_samples_size_100000.svg saved as SVG format

. 
. *-----------------------------------------------
. * CENTRAL LIMIT THEOREM
. *-----------------------------------------------
. 
. * setting the seed ensures the results are repoducible, otherwise the random number generation will produce slightly different results each time 
. set seed 5673

. 
. * setting the number of samples to 10,000
. local num_samples = 10000

. 
. * will use the exponential function with beta = 1. Exp. Value = beta and Variance = beta^2
. local mu = 1

. local sigma = 1

. 
. * looping through different samples sizes
. foreach sample_size in 5 20 50 500 {
  2.         
.         * results are saved in a matrix and then converted to a dta 
.         matrix sample_means_size_`sample_size' = J(`num_samples', 1, .)
  3. 
.         forvalues i = 1/`num_samples' {
  4.                 
.                 clear
  5.                 qui set obs `sample_size'
  6.                 
.                 gen double rand = rexponential(1)
  7.                 
.                 * standardize           
.                 qui sum rand 
  8.                 
.                 local std = (`r(mean)'-`mu')/(`sigma'/sqrt(`sample_size'))
  9.                 
.                 matrix sample_means_size_`sample_size'[`i', 1] = `std'
 10.                 
.                 drop rand 
 11.                 
.         }
 12. 
.         * convert matrix to dta 
.         clear 
 13.         qui svmat sample_means_size_`sample_size', names(sample_mean)
 14. 
.         * plot histogram
.         
.         *** create labels for the horizontal axis
.         qui mylabels -5(1)5, myscale(@) local(xlabels)
 15.         qui mylabels -5(0.5)5, myscale(@) local(xmlabels)
 16.         
.         *** format presentation of sample size and number of samples 
.         local f_sample_size = string(`sample_size', "%9.0fc")
 17.         local f_num_samples = string(`num_samples', "%9.0fc")
 18. 
.         
.         * #delimit - changing the delimiter makes it easier to read the graph command 
.         * histogram plots the sampling distribution, function plots the normal distribution
.         * i recommend exporting graphs as .svg's - most compatible/fastest way to retain high-quality graphics 
.         #delimit ;
delimiter now ;
.         twoway histogram sample_mean1, density color(orange) gap(10) ||
>         function normalden(x, 0, 1), range(-5 5) lcolor(red) ||,
>         title("Distribution of Standardized Sample Means")
>         subtitle("N = `f_sample_size', No. of Samples = `f_num_samples'")
>         ylabel(, angle(0)) xtitle("Standardized Sample Mean")
>         xlabel(`xlabels') xmtick(`xmlabels') 
>         ytitle("Density")
>         legend(off);
 19.         graph export "${output}/figures/clt_sample_means_`num_samples'_samples_of_size_`sample_size'.svg", width(1600) fontface("Times New Roman") replace;
 20.         #delimit cr 
delimiter now cr
. }
file C:\Users\michael.baker\Documents\ss368\ss368-fall2026\classroom-materials/output/figures/clt_sample_means_10000_samples_of_size_5.svg saved as SVG format
file C:\Users\michael.baker\Documents\ss368\ss368-fall2026\classroom-materials/output/figures/clt_sample_means_10000_samples_of_size_20.svg saved as SVG format
file C:\Users\michael.baker\Documents\ss368\ss368-fall2026\classroom-materials/output/figures/clt_sample_means_10000_samples_of_size_50.svg saved as SVG format
file C:\Users\michael.baker\Documents\ss368\ss368-fall2026\classroom-materials/output/figures/clt_sample_means_10000_samples_of_size_500.svg saved as SVG format

. 
. log close lln_clt_demo
      name:  lln_clt_demo
       log:  C:\Users\michael.baker\Documents\ss368\ss368-fall2026\classroom-materials/output/logs/lln_clt_demo.log
  log type:  text
 closed on:  19 Aug 2026, 14:12:45
------------------------------------------------------------------------------------------------------------------------------------------------------------------------------------------------------------------------------------------------------------
